record.length=53
parent.names=DTAR119-STORE-NO;DTAR119-TRANS-DATE;DTAR119-TRANS-CODE;DTAR119-CARD-NO;DTAR119-TERMINAL-ID;DTAR119-TRANS-NO;DTAR119-BONUS-POINTS;DTAR119-KEYCODE;DTAR119-KEYCODE-AMT;DTAR119-KEYCODE-QTY;DTAR119-PROM-NO
field.names=DTAR119-STORE-NO;DTAR119-TRANS-DATE;DTAR119-TRANS-CODE;DTAR119-CARD-NO;DTAR119-TERMINAL-ID;DTAR119-TRANS-NO;DTAR119-BONUS-POINTS;DTAR119-KEYCODE;DTAR119-KEYCODE-AMT;DTAR119-KEYCODE-QTY;DTAR119-PROM-NO
legacy.names=DTAR119-STORE-NO;DTAR119-TRANS-DATE;DTAR119-TRANS-CODE;DTAR119-CARD-NO;DTAR119-TERMINAL-ID;DTAR119-TRANS-NO;DTAR119-BONUS-POINTS;DTAR119-KEYCODE;DTAR119-KEYCODE-AMT;DTAR119-KEYCODE-QTY;DTAR119-PROM-NO
