record.length=27
parent.names=DTAR020-KCODE-STORE-KEY;DTAR020-KCODE-STORE-KEY.DTAR020-KEYCODE-NO;DTAR020-KCODE-STORE-KEY.DTAR020-STORE-NO;DTAR020-DATE;DTAR020-DEPT-NO;DTAR020-QTY-SOLD;DTAR020-SALE-PRICE
field.names=DTAR020-KCODE-STORE-KEY.DTAR020-KEYCODE-NO;DTAR020-KCODE-STORE-KEY.DTAR020-STORE-NO;DTAR020-DATE;DTAR020-DEPT-NO;DTAR020-QTY-SOLD;DTAR020-SALE-PRICE
legacy.names=DTAR020-KCODE-STORE-KEY.DTAR020-KEYCODE-NO;DTAR020-KCODE-STORE-KEY.DTAR020-STORE-NO;DTAR020-DATE;DTAR020-DEPT-NO;DTAR020-QTY-SOLD;DTAR020-SALE-PRICE

